..........................................................................................
----------------------------------------------------------------------
Ran 90 tests

OK
